{
  "exclude": {
    "files": "go.sum|go.mod|^.secrets.baseline$",
    "lines": null
  },
  "generated_at": "2025-09-10T14:30:26Z",
  "plugins_used": [
    {
      "name": "AWSKeyDetector"
    },
    {
      "name": "ArtifactoryDetector"
    },
    {
      "name": "AzureStorageKeyDetector"
    },
    {
      "base64_limit": 4.5,
      "name": "Base64HighEntropyString"
    },
    {
      "name": "BasicAuthDetector"
    },
    {
      "name": "BoxDetector"
    },
    {
      "name": "CloudantDetector"
    },
    {
      "ghe_instance": "github.ibm.com",
      "name": "GheDetector"
    },
    {
      "name": "GitHubTokenDetector"
    },
    {
      "hex_limit": 3,
      "name": "HexHighEntropyString"
    },
    {
      "name": "IbmCloudIamDetector"
    },
    {
      "name": "IbmCosHmacDetector"
    },
    {
      "name": "JwtTokenDetector"
    },
    {
      "keyword_exclude": null,
      "name": "KeywordDetector"
    },
    {
      "name": "MailchimpDetector"
    },
    {
      "name": "NpmDetector"
    },
    {
      "name": "PrivateKeyDetector"
    },
    {
      "name": "SlackDetector"
    },
    {
      "name": "SoftlayerDetector"
    },
    {
      "name": "SquareOAuthDetector"
    },
    {
      "name": "StripeDetector"
    },
    {
      "name": "TwilioKeyDetector"
    }
  ],
  "results": {
    "client/account_iam/client.go": [
      {
        "hashed_secret": "f75b33f87ffeacb3a4f793a09693e672e07449ff",
        "is_secret": false,
        "is_verified": false,
        "line_number": 86,
        "type": "Secret Keyword",
        "verified_result": null
      },
      {
        "hashed_secret": "cf9a2f2b1631f37ef38948b42f970da3ee035a12",
        "is_secret": false,
        "is_verified": false,
        "line_number": 198,
        "type": "Secret Keyword",
        "verified_result": null
      }
    ],
    "internal/controller/accountiam_controller.go": [
      {
        "hashed_secret": "0505ee303edffbbcb314426728ca74ac30ad2e71",
        "is_secret": false,
        "is_verified": false,
        "line_number": 477,
        "type": "Secret Keyword",
        "verified_result": null
      },
      {
        "hashed_secret": "9fbd4024ebb2c7e2779a80aa127d560c62234e4f",
        "is_secret": false,
        "is_verified": false,
        "line_number": 498,
        "type": "Secret Keyword",
        "verified_result": null
      },
      {
        "hashed_secret": "7ea6be9eecb6605329a1b1870c2fd2af9b896991",
        "is_secret": false,
        "is_verified": false,
        "line_number": 506,
        "type": "Secret Keyword",
        "verified_result": null
      },
      {
        "hashed_secret": "c1e525a4e6f0ca1e3e91ac01e6fc7b472dcc5c11",
        "is_secret": false,
        "is_verified": false,
        "line_number": 513,
        "type": "Secret Keyword",
        "verified_result": null
      },
      {
        "hashed_secret": "cc99f4fa9b71f268e5683b6138cb99a4896823fb",
        "is_secret": false,
        "is_verified": false,
        "line_number": 1138,
        "type": "Secret Keyword",
        "verified_result": null
      },
      {
        "hashed_secret": "f75b33f87ffeacb3a4f793a09693e672e07449ff",
        "is_secret": false,
        "is_verified": false,
        "line_number": 1182,
        "type": "Secret Keyword",
        "verified_result": null
      },
      {
        "hashed_secret": "c9a3d69afd5838675501221770cdb80c6a975105",
        "is_secret": false,
        "is_verified": false,
        "line_number": 1185,
        "type": "Secret Keyword",
        "verified_result": null
      }
    ],
    "internal/controller/roleactionconfig_controller.go": [
      {
        "hashed_secret": "0505ee303edffbbcb314426728ca74ac30ad2e71",
        "is_secret": false,
        "is_verified": false,
        "line_number": 103,
        "type": "Secret Keyword",
        "verified_result": null
      }
    ],
    "internal/controller/utils/utils.go": [
      {
        "hashed_secret": "0505ee303edffbbcb314426728ca74ac30ad2e71",
        "is_secret": false,
        "is_verified": false,
        "line_number": 569,
        "type": "Secret Keyword",
        "verified_result": null
      }
    ],
    "internal/controller/utils/utils_test.go": [
      {
        "hashed_secret": "9fbd4024ebb2c7e2779a80aa127d560c62234e4f",
        "is_secret": false,
        "is_verified": false,
        "line_number": 862,
        "type": "Secret Keyword",
        "verified_result": null
      }
    ],
    "internal/resources/constant.go": [
      {
        "hashed_secret": "e2b3d97e8164c5c286b92734207aeab2a9acc1d4",
        "is_secret": false,
        "is_verified": false,
        "line_number": 47,
        "type": "Secret Keyword",
        "verified_result": null
      },
      {
        "hashed_secret": "66a36e77fd002579809717841f998f4d21cd5913",
        "is_secret": false,
        "is_verified": false,
        "line_number": 63,
        "type": "Secret Keyword",
        "verified_result": null
      },
      {
        "hashed_secret": "68f50205b499282ae510009902c2cb0f7d7ff276",
        "is_secret": false,
        "is_verified": false,
        "line_number": 91,
        "type": "Secret Keyword",
        "verified_result": null
      },
      {
        "hashed_secret": "fe692164f3497e114e68a43b5299da79c11ba9b0",
        "is_secret": false,
        "is_verified": false,
        "line_number": 97,
        "type": "Secret Keyword",
        "verified_result": null
      },
      {
        "hashed_secret": "9f14ed4487eabc04b0295c4b42923c89055b0f81",
        "is_secret": false,
        "is_verified": false,
        "line_number": 99,
        "type": "Secret Keyword",
        "verified_result": null
      },
      {
        "hashed_secret": "70b14bb8025fd1f6d4b979ef643dbc6941d04344",
        "is_secret": false,
        "is_verified": false,
        "line_number": 101,
        "type": "Secret Keyword",
        "verified_result": null
      },
      {
        "hashed_secret": "d900d0cbd4952789d986025b52ce3dec480a53b2",
        "is_secret": false,
        "is_verified": false,
        "line_number": 103,
        "type": "Secret Keyword",
        "verified_result": null
      },
      {
        "hashed_secret": "646feddbf19db6769a538e1d49edeff69df6c534",
        "is_secret": false,
        "is_verified": false,
        "line_number": 127,
        "type": "Secret Keyword",
        "verified_result": null
      }
    ],
    "internal/resources/yamls/app.go": [
      {
        "hashed_secret": "7e15bb5c01e7dd56499e37c634cf791d3a519aee",
        "is_secret": false,
        "is_verified": false,
        "line_number": 52,
        "type": "Secret Keyword",
        "verified_result": null
      }
    ],
    "internal/resources/yamls/im_integration.go": [
      {
        "hashed_secret": "7e15bb5c01e7dd56499e37c634cf791d3a519aee",
        "is_secret": false,
        "is_verified": false,
        "line_number": 7,
        "type": "Secret Keyword",
        "verified_result": null
      }
    ]
  },
  "version": "0.13.1+ibm.62.dss",
  "word_list": {
    "file": null,
    "hash": null
  }
}
